python : Traceback 
(most recent call 
last):
En línea: 1 Carácter: 
1
+ python tests/verify_
gap_filling.py > 
test_output.txt 2>&1
+ ~~~~~~~~~~~~~~~~~~~~
~~~~~~~~~~~~~~~~~~~~~~
~~~~~~~~~~~~~~~
    + CategoryInfo    
          : NotSpeci  
  fied: (Traceback    
 (most recent call    
 last)::String) [    
], RemoteExceptio    n
    + FullyQualifiedE 
   rrorId : NativeCo  
  mmandError
 
=== Testing Gap Filling Logic ===
  File "C:\Users\Usuar
io\Fran\Trabajo\Theile
r\proyecto_priorizacio
n_theiler\tests\verify
_gap_filling.py", 
line 115, in <module>
    test_gap_filling()
  File "C:\Users\Usuar
io\Fran\Trabajo\Theile
r\proyecto_priorizacio
n_theiler\tests\verify
_gap_filling.py", 
line 70, in 
test_gap_filling
    schedule, _, _, _ 
= 
programar(df_ordenes, 
cfg, start=today, 
start_time=start_time)
                      
  ^^^^^^^^^^^^^^^^^^^^
^^^^^^^^^^^^^^^^^^^^^^
^^^^^^^^^^^^^^^^^^^^
  File "C:\Users\Usuar
io\Fran\Trabajo\Theile
r\proyecto_priorizacio
n_theiler\modules\sche
duler.py", line 1048, 
in programar
    nueva_hora = (date
time.combine(date.toda
y(), agenda[maquina]["
hora"]) + timedelta(mi
nutes=minutos_a_sumar)
).time()
                      
             ^^^^
NameError: name 
'date' is not defined
